  [Dependencies]

    Runtime Dependencies:
    gem "actioncable", "= 8.0.0"
    gem "actionmailbox", "= 8.0.0"
    gem "actionmailer", "= 8.0.0"
    gem "actionpack", "= 8.0.0"
    gem "actiontext", "= 8.0.0"
    gem "actionview", "= 8.0.0"
    gem "activejob", "= 8.0.0"
    gem "activemodel", "= 8.0.0"
    gem "activerecord", "= 8.0.0"
    gem "activestorage", "= 8.0.0"
    gem "activesupport", "= 8.0.0"
    gem "bundler", ">= 1.15.0"
    gem "railties", "= 8.0.0"
    Development Dependencies:
    (none)
